=== 姝ラ 1: CSV 鍐呭 ===
锘垮簭鍙凤紝鍚堜綔閾惰绠€绉帮紝鍚堜綔涓氬姟瑙勬ā锛岃妯″崰姣?1,鍐滀笟閾惰锛?380145.19,98.21%
2,闄曡タ鍐滀俊锛?91482.77,52.48%
鍚堣锛?3142800.98,56.18%

搴忓彿锛屾媴淇濇満鏋勭畝绉帮紝涓氬姟瑙勬ā (涓囧厓),瑙勬ā鍗犳瘮
1,瑗垮畨灏忓井鎷呬繚锛?184030.57,30.69%
2,瑗垮畨璐㈤噾鎷呬繚锛?91695.37,20.52%
鍚堣锛?3858461.83,100%

搴忓彿锛屾媴淇濇満鏋勭畝绉帮紝涓氬姟瑙勬ā (涓囧厓),鍐嶆媴淇濆妗堢巼
1,瑗垮畨灏忓井鎷呬繚锛?184030.57,95.2%
2,瑗垮畨璐㈤噾鎷呬繚锛?91695.37,92.1%
鍚堣锛?4505688.57,100%

搴忓彿锛屾媴淇濇満鏋勭畝绉帮紝骞冲潎鎷呬繚璐圭巼锛屽钩鍧囪捶娆惧埄鐜囷紝缁煎悎铻嶈祫鎴愭湰
1,瑗垮畨灏忓井鎷呬繚锛?.85,6.5,7.35
2,瑗垮畨璐㈤噾鎷呬繚锛?.72,6.2,6.92
鍚堣锛?0.76,6.35,7.11

搴忓彿锛屾媴淇濇満鏋勭畝绉帮紝鍒嗛櫓涓氬姟瑙勬ā (涓囧厓),鍚屾瘮澧炲噺锛屽垎闄╀笟鍔″崰姣?1,瑗垮畨灏忓井鎷呬繚锛?20000,15.2,85.5
2,瑗垮畨璐㈤噾鎷呬繚锛?80000,12.8,82.3
鍚堣锛?3984455.6,4.71,90.16
...

=== 姝ラ 2: 瑙ｆ瀽琛屾暟 ===
鎬昏鏁帮細20
鍓?5 琛? 搴忓彿锛屽悎浣滈摱琛岀畝绉帮紝鍚堜綔涓氬姟瑙勬ā锛岃妯″崰姣?1,鍐滀笟閾惰锛?380145.19,98.21%
2,闄曡タ鍐滀俊锛?91482.77,52.48%
鍚堣锛?3142800.98,56.18%
搴忓彿锛屾媴淇濇満鏋勭畝绉帮紝涓氬姟瑙勬ā (涓囧厓),瑙勬ā鍗犳瘮
...


=== 妫€娴嬪埌琛ㄥご 0 ===
琛ㄥご: [ '搴忓彿锛屽悎浣滈摱琛岀畝绉帮紝鍚堜綔涓氬姟瑙勬ā锛岃妯″崰姣? ]
琛ㄥご鏁伴噺: 1
琛ㄦ牸鍚嶇О锛歜ank_table
鏁版嵁琛岋細1 | 鍐滀笟閾惰锛?380145.19 | 98.21%
鏁版嵁琛岋細2 | 闄曡タ鍐滀俊锛?91482.77 | 52.48%
鏁版嵁琛岋細鍚堣锛?| 3142800.98 | 56.18%

=== 妫€娴嬪埌琛ㄥご 4 ===
琛ㄥご: [ '搴忓彿锛屾媴淇濇満鏋勭畝绉帮紝涓氬姟瑙勬ā (涓囧厓)', '瑙勬ā鍗犳瘮' ]
琛ㄥご鏁伴噺: 2
琛ㄦ牸鍚嶇О锛歩nst_table
鏁版嵁琛岋細1 | 瑗垮畨灏忓井鎷呬繚锛?184030.57 | 30.69%
鏁版嵁琛岋細2 | 瑗垮畨璐㈤噾鎷呬繚锛?91695.37 | 20.52%
鏁版嵁琛岋細鍚堣锛?| 3858461.83 | 100%

=== 妫€娴嬪埌琛ㄥご 8 ===
琛ㄥご: [ '搴忓彿锛屾媴淇濇満鏋勭畝绉帮紝涓氬姟瑙勬ā (涓囧厓)', '鍐嶆媴淇濆妗堢巼' ]
琛ㄥご鏁伴噺: 2
琛ㄦ牸鍚嶇О锛歳e_guarantee_table
鏁版嵁琛岋細1 | 瑗垮畨灏忓井鎷呬繚锛?184030.57 | 95.2%
鏁版嵁琛岋細2 | 瑗垮畨璐㈤噾鎷呬繚锛?91695.37 | 92.1%
鏁版嵁琛岋細鍚堣锛?| 4505688.57 | 100%

=== 妫€娴嬪埌琛ㄥご 12 ===
琛ㄥご: [ '搴忓彿锛屾媴淇濇満鏋勭畝绉帮紝骞冲潎鎷呬繚璐圭巼锛屽钩鍧囪捶娆惧埄鐜囷紝缁煎悎铻嶈祫鎴愭湰' ]
琛ㄥご鏁伴噺: 1
琛ㄦ牸鍚嶇О锛歩nst_table
鏁版嵁琛岋細1 | 瑗垮畨灏忓井鎷呬繚锛?.85 | 6.5 | 7.35
鏁版嵁琛岋細2 | 瑗垮畨璐㈤噾鎷呬繚锛?.72 | 6.2 | 6.92
鏁版嵁琛岋細鍚堣锛?| 0.76 | 6.35 | 7.11

=== 妫€娴嬪埌琛ㄥご 16 ===
琛ㄥご: [ '搴忓彿锛屾媴淇濇満鏋勭畝绉帮紝鍒嗛櫓涓氬姟瑙勬ā (涓囧厓)', '鍚屾瘮澧炲噺锛屽垎闄╀笟鍔″崰姣? ]
琛ㄥご鏁伴噺: 2
琛ㄦ牸鍚嶇О锛歩nst_table
鏁版嵁琛岋細1 | 瑗垮畨灏忓井鎷呬繚锛?20000 | 15.2 | 85.5
鏁版嵁琛岋細2 | 瑗垮畨璐㈤噾鎷呬繚锛?80000 | 12.8 | 82.3
鏁版嵁琛岋細鍚堣锛?| 3984455.6 | 4.71 | 90.16

=== 姝ラ 3: 瑙ｆ瀽鍒扮殑琛ㄦ牸 ===
琛ㄦ牸鍒楄〃: [ 'bank_table', 'inst_table', 're_guarantee_table' ]

=== 姝ラ 4: 绗竴涓〃鏍兼暟鎹?===
琛ㄦ牸鍚嶇О: bank_table
鏁版嵁琛屾暟: 3
绗竴琛屾暟鎹? { _____________________: '1' }

=== 姝ラ 5: 杞崲涓?HTML ===
HTML 棰勮: <table>
<tr><th>_____________________</th></tr>
<tr><td>1</td></tr>
<tr><td>2</td></tr>
<tr><td>鍚堣锛?/td></tr>
</table>
